// Jest Snapshot v1, https://goo.gl/fbAQLP

exports[`app base 1`] = `
<HelloWorld>
  <div>
    <div
      className="test"
    >
      Hello world
    </div>
  </div>
</HelloWorld>
`;
